Traceback (most recent call last):
  File "C:\DEV\Anaconda3\envs\usecases\lib\site-packages\jupyter_core\utils\__init__.py", line 154, in wrapped
    asyncio.get_running_loop()
RuntimeError: no running event loop

During handling of the above exception, another exception occurred:

Traceback (most recent call last):
  File "C:\DEV\Anaconda3\envs\usecases\lib\site-packages\jupyter_cache\executors\utils.py", line 58, in single_nb_execution
    executenb(
  File "C:\DEV\Anaconda3\envs\usecases\lib\site-packages\nbclient\client.py", line 1319, in execute
    return NotebookClient(nb=nb, resources=resources, km=km, **kwargs).execute()
  File "C:\DEV\Anaconda3\envs\usecases\lib\site-packages\jupyter_core\utils\__init__.py", line 158, in wrapped
    return loop.run_until_complete(inner)
  File "C:\DEV\Anaconda3\envs\usecases\lib\asyncio\base_events.py", line 647, in run_until_complete
    return future.result()
  File "C:\DEV\Anaconda3\envs\usecases\lib\site-packages\nbclient\client.py", line 709, in async_execute
    await self.async_execute_cell(
  File "C:\DEV\Anaconda3\envs\usecases\lib\site-packages\nbclient\client.py", line 1062, in async_execute_cell
    await self._check_raise_for_error(cell, cell_index, exec_reply)
  File "C:\DEV\Anaconda3\envs\usecases\lib\site-packages\nbclient\client.py", line 918, in _check_raise_for_error
    raise CellExecutionError.from_cell_and_msg(cell, exec_reply_content)
nbclient.exceptions.CellExecutionError: An error occurred while executing the following cell:
------------------
# load maps:
#     "ksat" is the saturated hydraulic conductivity of the soil
#     "thetas" is the volumetric water content of the saturated soil
#     "1" and "2" refer to the soil layer
#     "f" refers to the fraction of soil covered by forests
variables = ['ksat1_f', 'ksat2_f', 'thetas1_f', 'thetas2_f', 'thetas3']
soils = {}
for var in variables:
    ds = xr.open_dataset(model_path / 'maps' / 'soil_hydraulics' / f'{var}.nc')
    ds.close()
    soils[var] = ds['Band1']

# plot maps
ncols = len(variables)
fig, ax = plt.subplots(ncols=ncols, figsize=(5 * ncols, 5))
for i, (var, da) in enumerate(soils.items()):
    da.plot(
        ax=ax[i], 
        cmap='Blues', 
        cbar_kwargs={'label': var, "orientation": "horizontal", "shrink": 0.8, "aspect": 40, "pad": 0.1}
    )
    ax[i].axis('off');
------------------


[1;31m---------------------------------------------------------------------------[0m
[1;31mValueError[0m                                Traceback (most recent call last)
Cell [1;32mIn[2], line 9[0m
[0;32m      7[0m soils [38;5;241m=[39m {}
[0;32m      8[0m [38;5;28;01mfor[39;00m var [38;5;129;01min[39;00m variables:
[1;32m----> 9[0m     ds [38;5;241m=[39m [43mxr[49m[38;5;241;43m.[39;49m[43mopen_dataset[49m[43m([49m[43mmodel_path[49m[43m [49m[38;5;241;43m/[39;49m[43m [49m[38;5;124;43m'[39;49m[38;5;124;43mmaps[39;49m[38;5;124;43m'[39;49m[43m [49m[38;5;241;43m/[39;49m[43m [49m[38;5;124;43m'[39;49m[38;5;124;43msoil_hydraulics[39;49m[38;5;124;43m'[39;49m[43m [49m[38;5;241;43m/[39;49m[43m [49m[38;5;124;43mf[39;49m[38;5;124;43m'[39;49m[38;5;132;43;01m{[39;49;00m[43mvar[49m[38;5;132;43;01m}[39;49;00m[38;5;124;43m.nc[39;49m[38;5;124;43m'[39;49m[43m)[49m
[0;32m     10[0m     ds[38;5;241m.[39mclose()
[0;32m     11[0m     soils[var] [38;5;241m=[39m ds[[38;5;124m'[39m[38;5;124mBand1[39m[38;5;124m'[39m]

File [1;32mC:\DEV\Anaconda3\envs\usecases\lib\site-packages\xarray\backends\api.py:569[0m, in [0;36mopen_dataset[1;34m(filename_or_obj, engine, chunks, cache, decode_cf, mask_and_scale, decode_times, decode_timedelta, use_cftime, concat_characters, decode_coords, drop_variables, inline_array, chunked_array_type, from_array_kwargs, backend_kwargs, **kwargs)[0m
[0;32m    566[0m     kwargs[38;5;241m.[39mupdate(backend_kwargs)
[0;32m    568[0m [38;5;28;01mif[39;00m engine [38;5;129;01mis[39;00m [38;5;28;01mNone[39;00m:
[1;32m--> 569[0m     engine [38;5;241m=[39m [43mplugins[49m[38;5;241;43m.[39;49m[43mguess_engine[49m[43m([49m[43mfilename_or_obj[49m[43m)[49m
[0;32m    571[0m [38;5;28;01mif[39;00m from_array_kwargs [38;5;129;01mis[39;00m [38;5;28;01mNone[39;00m:
[0;32m    572[0m     from_array_kwargs [38;5;241m=[39m {}

File [1;32mC:\DEV\Anaconda3\envs\usecases\lib\site-packages\xarray\backends\plugins.py:197[0m, in [0;36mguess_engine[1;34m(store_spec)[0m
[0;32m    189[0m [38;5;28;01melse[39;00m:
[0;32m    190[0m     error_msg [38;5;241m=[39m (
[0;32m    191[0m         [38;5;124m"[39m[38;5;124mfound the following matches with the input file in xarray[39m[38;5;124m'[39m[38;5;124ms IO [39m[38;5;124m"[39m
[0;32m    192[0m         [38;5;124mf[39m[38;5;124m"[39m[38;5;124mbackends: [39m[38;5;132;01m{[39;00mcompatible_engines[38;5;132;01m}[39;00m[38;5;124m. But their dependencies may not be installed, see:[39m[38;5;130;01m\n[39;00m[38;5;124m"[39m
[0;32m    193[0m         [38;5;124m"[39m[38;5;124mhttps://docs.xarray.dev/en/stable/user-guide/io.html [39m[38;5;130;01m\n[39;00m[38;5;124m"[39m
[0;32m    194[0m         [38;5;124m"[39m[38;5;124mhttps://docs.xarray.dev/en/stable/getting-started-guide/installing.html[39m[38;5;124m"[39m
[0;32m    195[0m     )
[1;32m--> 197[0m [38;5;28;01mraise[39;00m [38;5;167;01mValueError[39;00m(error_msg)

[1;31mValueError[0m: found the following matches with the input file in xarray's IO backends: ['netcdf4', 'h5netcdf']. But their dependencies may not be installed, see:
https://docs.xarray.dev/en/stable/user-guide/io.html 
https://docs.xarray.dev/en/stable/getting-started-guide/installing.html

