Traceback (most recent call last):
  File "C:\DEV\Anaconda3\envs\usecases\lib\site-packages\jupyter_core\utils\__init__.py", line 154, in wrapped
    asyncio.get_running_loop()
RuntimeError: no running event loop

During handling of the above exception, another exception occurred:

Traceback (most recent call last):
  File "C:\DEV\Anaconda3\envs\usecases\lib\site-packages\jupyter_cache\executors\utils.py", line 58, in single_nb_execution
    executenb(
  File "C:\DEV\Anaconda3\envs\usecases\lib\site-packages\nbclient\client.py", line 1319, in execute
    return NotebookClient(nb=nb, resources=resources, km=km, **kwargs).execute()
  File "C:\DEV\Anaconda3\envs\usecases\lib\site-packages\jupyter_core\utils\__init__.py", line 158, in wrapped
    return loop.run_until_complete(inner)
  File "C:\DEV\Anaconda3\envs\usecases\lib\asyncio\base_events.py", line 647, in run_until_complete
    return future.result()
  File "C:\DEV\Anaconda3\envs\usecases\lib\site-packages\nbclient\client.py", line 709, in async_execute
    await self.async_execute_cell(
  File "C:\DEV\Anaconda3\envs\usecases\lib\site-packages\nbclient\client.py", line 1062, in async_execute_cell
    await self._check_raise_for_error(cell, cell_index, exec_reply)
  File "C:\DEV\Anaconda3\envs\usecases\lib\site-packages\nbclient\client.py", line 918, in _check_raise_for_error
    raise CellExecutionError.from_cell_and_msg(cell, exec_reply_content)
nbclient.exceptions.CellExecutionError: An error occurred while executing the following cell:
------------------
fig, ax = plt.subplots(ncols=2, nrows=2, figsize=(10, 9))

for r, (var, cmap) in enumerate(zip(['lzavin', 'avgdis'], ['Blues', 'Greens'])):
    non_calib = xr.open_dataarray(path_init / f'{var}.nc')
    non_calib.close()
    calib = xr.open_dataarray(path_init / 'calibrated' / f'{var}.nc')
    calib.close()
    
    vmin = min(non_calib.min(), calib.min())
    vmax = max(non_calib.max(), calib.max())
    
    for c, da in enumerate([non_calib, calib]):
        da.plot(ax=ax[r, c], cmap=cmap, vmin=vmin, vmax=vmax)
        ax[r, c].axis('off')
        
fig.text(.275, .9, 'Uncalibrated', fontsize=12, horizontalalignment='center')
fig.text(.7, .9, 'Calibrated', fontsize=12, horizontalalignment='center');
------------------


[1;31m---------------------------------------------------------------------------[0m
[1;31mValueError[0m                                Traceback (most recent call last)
Cell [1;32mIn[2], line 4[0m
[0;32m      1[0m fig, ax [38;5;241m=[39m plt[38;5;241m.[39msubplots(ncols[38;5;241m=[39m[38;5;241m2[39m, nrows[38;5;241m=[39m[38;5;241m2[39m, figsize[38;5;241m=[39m([38;5;241m10[39m, [38;5;241m9[39m))
[0;32m      3[0m [38;5;28;01mfor[39;00m r, (var, cmap) [38;5;129;01min[39;00m [38;5;28menumerate[39m([38;5;28mzip[39m([[38;5;124m'[39m[38;5;124mlzavin[39m[38;5;124m'[39m, [38;5;124m'[39m[38;5;124mavgdis[39m[38;5;124m'[39m], [[38;5;124m'[39m[38;5;124mBlues[39m[38;5;124m'[39m, [38;5;124m'[39m[38;5;124mGreens[39m[38;5;124m'[39m])):
[1;32m----> 4[0m     non_calib [38;5;241m=[39m [43mxr[49m[38;5;241;43m.[39;49m[43mopen_dataarray[49m[43m([49m[43mpath_init[49m[43m [49m[38;5;241;43m/[39;49m[43m [49m[38;5;124;43mf[39;49m[38;5;124;43m'[39;49m[38;5;132;43;01m{[39;49;00m[43mvar[49m[38;5;132;43;01m}[39;49;00m[38;5;124;43m.nc[39;49m[38;5;124;43m'[39;49m[43m)[49m
[0;32m      5[0m     non_calib[38;5;241m.[39mclose()
[0;32m      6[0m     calib [38;5;241m=[39m xr[38;5;241m.[39mopen_dataarray(path_init [38;5;241m/[39m [38;5;124m'[39m[38;5;124mcalibrated[39m[38;5;124m'[39m [38;5;241m/[39m [38;5;124mf[39m[38;5;124m'[39m[38;5;132;01m{[39;00mvar[38;5;132;01m}[39;00m[38;5;124m.nc[39m[38;5;124m'[39m)

File [1;32mC:\DEV\Anaconda3\envs\usecases\lib\site-packages\xarray\backends\api.py:769[0m, in [0;36mopen_dataarray[1;34m(filename_or_obj, engine, chunks, cache, decode_cf, mask_and_scale, decode_times, decode_timedelta, use_cftime, concat_characters, decode_coords, drop_variables, inline_array, chunked_array_type, from_array_kwargs, backend_kwargs, **kwargs)[0m
[0;32m    611[0m [38;5;28;01mdef[39;00m[38;5;250m [39m[38;5;21mopen_dataarray[39m(
[0;32m    612[0m     filename_or_obj: [38;5;28mstr[39m [38;5;241m|[39m os[38;5;241m.[39mPathLike[Any] [38;5;241m|[39m BufferedIOBase [38;5;241m|[39m AbstractDataStore,
[0;32m    613[0m     [38;5;241m*[39m,
[1;32m   (...)[0m
[0;32m    629[0m     [38;5;241m*[39m[38;5;241m*[39mkwargs,
[0;32m    630[0m ) [38;5;241m-[39m[38;5;241m>[39m DataArray:
[0;32m    631[0m [38;5;250m    [39m[38;5;124;03m"""Open an DataArray from a file or file-like object containing a single[39;00m
[0;32m    632[0m [38;5;124;03m    data variable.[39;00m
[0;32m    633[0m 
[1;32m   (...)[0m
[0;32m    766[0m [38;5;124;03m    open_dataset[39;00m
[0;32m    767[0m [38;5;124;03m    """[39;00m
[1;32m--> 769[0m     dataset [38;5;241m=[39m open_dataset(
[0;32m    770[0m         filename_or_obj,
[0;32m    771[0m         decode_cf[38;5;241m=[39mdecode_cf,
[0;32m    772[0m         mask_and_scale[38;5;241m=[39mmask_and_scale,
[0;32m    773[0m         decode_times[38;5;241m=[39mdecode_times,
[0;32m    774[0m         concat_characters[38;5;241m=[39mconcat_characters,
[0;32m    775[0m         decode_coords[38;5;241m=[39mdecode_coords,
[0;32m    776[0m         engine[38;5;241m=[39mengine,
[0;32m    777[0m         chunks[38;5;241m=[39mchunks,
[0;32m    778[0m         cache[38;5;241m=[39mcache,
[0;32m    779[0m         drop_variables[38;5;241m=[39mdrop_variables,
[0;32m    780[0m         inline_array[38;5;241m=[39minline_array,
[0;32m    781[0m         chunked_array_type[38;5;241m=[39mchunked_array_type,
[0;32m    782[0m         from_array_kwargs[38;5;241m=[39mfrom_array_kwargs,
[0;32m    783[0m         backend_kwargs[38;5;241m=[39mbackend_kwargs,
[0;32m    784[0m         use_cftime[38;5;241m=[39muse_cftime,
[0;32m    785[0m         decode_timedelta[38;5;241m=[39mdecode_timedelta,
[0;32m    786[0m         [38;5;241m*[39m[38;5;241m*[39mkwargs,
[0;32m    787[0m     )
[0;32m    789[0m     [38;5;28;01mif[39;00m [38;5;28mlen[39m(dataset[38;5;241m.[39mdata_vars) [38;5;241m!=[39m [38;5;241m1[39m:
[0;32m    790[0m         [38;5;28;01mraise[39;00m [38;5;167;01mValueError[39;00m(
[0;32m    791[0m             [38;5;124m"[39m[38;5;124mGiven file dataset contains more than one data [39m[38;5;124m"[39m
[0;32m    792[0m             [38;5;124m"[39m[38;5;124mvariable. Please read with xarray.open_dataset and [39m[38;5;124m"[39m
[0;32m    793[0m             [38;5;124m"[39m[38;5;124mthen select the variable you want.[39m[38;5;124m"[39m
[0;32m    794[0m         )

File [1;32mC:\DEV\Anaconda3\envs\usecases\lib\site-packages\xarray\backends\api.py:569[0m, in [0;36mopen_dataset[1;34m(filename_or_obj, engine, chunks, cache, decode_cf, mask_and_scale, decode_times, decode_timedelta, use_cftime, concat_characters, decode_coords, drop_variables, inline_array, chunked_array_type, from_array_kwargs, backend_kwargs, **kwargs)[0m
[0;32m    566[0m     kwargs[38;5;241m.[39mupdate(backend_kwargs)
[0;32m    568[0m [38;5;28;01mif[39;00m engine [38;5;129;01mis[39;00m [38;5;28;01mNone[39;00m:
[1;32m--> 569[0m     engine [38;5;241m=[39m [43mplugins[49m[38;5;241;43m.[39;49m[43mguess_engine[49m[43m([49m[43mfilename_or_obj[49m[43m)[49m
[0;32m    571[0m [38;5;28;01mif[39;00m from_array_kwargs [38;5;129;01mis[39;00m [38;5;28;01mNone[39;00m:
[0;32m    572[0m     from_array_kwargs [38;5;241m=[39m {}

File [1;32mC:\DEV\Anaconda3\envs\usecases\lib\site-packages\xarray\backends\plugins.py:197[0m, in [0;36mguess_engine[1;34m(store_spec)[0m
[0;32m    189[0m [38;5;28;01melse[39;00m:
[0;32m    190[0m     error_msg [38;5;241m=[39m (
[0;32m    191[0m         [38;5;124m"[39m[38;5;124mfound the following matches with the input file in xarray[39m[38;5;124m'[39m[38;5;124ms IO [39m[38;5;124m"[39m
[0;32m    192[0m         [38;5;124mf[39m[38;5;124m"[39m[38;5;124mbackends: [39m[38;5;132;01m{[39;00mcompatible_engines[38;5;132;01m}[39;00m[38;5;124m. But their dependencies may not be installed, see:[39m[38;5;130;01m\n[39;00m[38;5;124m"[39m
[0;32m    193[0m         [38;5;124m"[39m[38;5;124mhttps://docs.xarray.dev/en/stable/user-guide/io.html [39m[38;5;130;01m\n[39;00m[38;5;124m"[39m
[0;32m    194[0m         [38;5;124m"[39m[38;5;124mhttps://docs.xarray.dev/en/stable/getting-started-guide/installing.html[39m[38;5;124m"[39m
[0;32m    195[0m     )
[1;32m--> 197[0m [38;5;28;01mraise[39;00m [38;5;167;01mValueError[39;00m(error_msg)

[1;31mValueError[0m: found the following matches with the input file in xarray's IO backends: ['netcdf4', 'h5netcdf']. But their dependencies may not be installed, see:
https://docs.xarray.dev/en/stable/user-guide/io.html 
https://docs.xarray.dev/en/stable/getting-started-guide/installing.html

