Traceback (most recent call last):
  File "C:\DEV\Anaconda3\envs\usecases\lib\site-packages\jupyter_core\utils\__init__.py", line 154, in wrapped
    asyncio.get_running_loop()
RuntimeError: no running event loop

During handling of the above exception, another exception occurred:

Traceback (most recent call last):
  File "C:\DEV\Anaconda3\envs\usecases\lib\site-packages\jupyter_cache\executors\utils.py", line 58, in single_nb_execution
    executenb(
  File "C:\DEV\Anaconda3\envs\usecases\lib\site-packages\nbclient\client.py", line 1319, in execute
    return NotebookClient(nb=nb, resources=resources, km=km, **kwargs).execute()
  File "C:\DEV\Anaconda3\envs\usecases\lib\site-packages\jupyter_core\utils\__init__.py", line 158, in wrapped
    return loop.run_until_complete(inner)
  File "C:\DEV\Anaconda3\envs\usecases\lib\asyncio\base_events.py", line 647, in run_until_complete
    return future.result()
  File "C:\DEV\Anaconda3\envs\usecases\lib\site-packages\nbclient\client.py", line 709, in async_execute
    await self.async_execute_cell(
  File "C:\DEV\Anaconda3\envs\usecases\lib\site-packages\nbclient\client.py", line 1062, in async_execute_cell
    await self._check_raise_for_error(cell, cell_index, exec_reply)
  File "C:\DEV\Anaconda3\envs\usecases\lib\site-packages\nbclient\client.py", line 918, in _check_raise_for_error
    raise CellExecutionError.from_cell_and_msg(cell, exec_reply_content)
nbclient.exceptions.CellExecutionError: An error occurred while executing the following cell:
------------------
from pathlib import Path

import numpy as np
import xarray as xr
import matplotlib.pyplot as plt

from lisflood_read_plot import plot_map_timeseries

model_path = Path('../LF_mekong_usecase/model/')
path_warmup = path_model / 'results' / 'warmup'
------------------


[1;31m---------------------------------------------------------------------------[0m
[1;31mNameError[0m                                 Traceback (most recent call last)
Cell [1;32mIn[1], line 10[0m
[0;32m      7[0m [38;5;28;01mfrom[39;00m[38;5;250m [39m[38;5;21;01mlisflood_read_plot[39;00m[38;5;250m [39m[38;5;28;01mimport[39;00m plot_map_timeseries
[0;32m      9[0m model_path [38;5;241m=[39m Path([38;5;124m'[39m[38;5;124m../LF_mekong_usecase/model/[39m[38;5;124m'[39m)
[1;32m---> 10[0m path_warmup [38;5;241m=[39m [43mpath_model[49m [38;5;241m/[39m [38;5;124m'[39m[38;5;124mresults[39m[38;5;124m'[39m [38;5;241m/[39m [38;5;124m'[39m[38;5;124mwarmup[39m[38;5;124m'[39m

[1;31mNameError[0m: name 'path_model' is not defined

